
  .   ____          _            __ _ _
 /\\ / ___'_ __ _ _(_)_ __  __ _ \ \ \ \
( ( )\___ | '_ | '_| | '_ \/ _` | \ \ \ \
 \\/  ___)| |_)| | | | | || (_| |  ) ) ) )
  '  |____| .__|_| |_|_| |_\__, | / / / /
 =========|_|==============|___/=/_/_/_/

 :: Spring Boot ::               (v3.5.15)

2026-09-10T10:38:44.225+08:00  INFO 15220 --- [           main] c.e.a.AiSpringbootApplication            : Starting AiSpringbootApplication v1.0.0 using Java 26.0.2.1 with PID 15220 (D:\求职项目\AI\ai-springboot\target\ai-springboot-1.0.0.jar started by MXY in D:\求职项目\AI\ai-springboot)
2026-09-10T10:38:44.228+08:00  INFO 15220 --- [           main] c.e.a.AiSpringbootApplication            : No active profile set, falling back to 1 default profile: "default"
2026-09-10T10:38:45.054+08:00  INFO 15220 --- [           main] .s.d.r.c.RepositoryConfigurationDelegate : Multiple Spring Data modules found, entering strict repository configuration mode
2026-09-10T10:38:45.056+08:00  INFO 15220 --- [           main] .s.d.r.c.RepositoryConfigurationDelegate : Bootstrapping Spring Data Redis repositories in DEFAULT mode.
2026-09-10T10:38:45.083+08:00  INFO 15220 --- [           main] .s.d.r.c.RepositoryConfigurationDelegate : Finished Spring Data repository scanning in 14 ms. Found 0 Redis repository interfaces.
2026-09-10T10:38:45.709+08:00  INFO 15220 --- [           main] o.s.b.w.embedded.tomcat.TomcatWebServer  : Tomcat initialized with port 8080 (http)
2026-09-10T10:38:45.724+08:00  INFO 15220 --- [           main] o.apache.catalina.core.StandardService   : Starting service [Tomcat]
2026-09-10T10:38:45.725+08:00  INFO 15220 --- [           main] o.apache.catalina.core.StandardEngine    : Starting Servlet engine: [Apache Tomcat/10.1.55]
2026-09-10T10:38:45.751+08:00  INFO 15220 --- [           main] o.a.c.c.C.[Tomcat].[localhost].[/]       : Initializing Spring embedded WebApplicationContext
2026-09-10T10:38:45.752+08:00  INFO 15220 --- [           main] w.s.c.ServletWebServerApplicationContext : Root WebApplicationContext: initialization completed in 1479 ms
2026-09-10T10:38:45.821+08:00 ERROR 15220 --- [           main] o.s.b.web.embedded.tomcat.TomcatStarter  : Error starting Tomcat context. Exception: org.springframework.beans.factory.BeanCreationException. Message: Error creating bean with name 'jwtAuthenticationFilter': Injection of resource dependencies failed
2026-09-10T10:38:45.840+08:00  INFO 15220 --- [           main] o.apache.catalina.core.StandardService   : Stopping service [Tomcat]
2026-09-10T10:38:45.847+08:00  WARN 15220 --- [           main] ConfigServletWebServerApplicationContext : Exception encountered during context initialization - cancelling refresh attempt: org.springframework.context.ApplicationContextException: Unable to start web server
2026-09-10T10:38:45.856+08:00  INFO 15220 --- [           main] .s.b.a.l.ConditionEvaluationReportLogger : 

Error starting ApplicationContext. To display the condition evaluation report re-run your application with 'debug' enabled.
2026-09-10T10:38:45.872+08:00 ERROR 15220 --- [           main] o.s.b.d.LoggingFailureAnalysisReporter   : 

***************************
APPLICATION FAILED TO START
***************************

Description:

Failed to configure a DataSource: 'url' attribute is not specified and no embedded datasource could be configured.

Reason: Failed to determine a suitable driver class


Action:

Consider the following:
	If you want an embedded database (H2, HSQL or Derby), please put it on the classpath.
	If you have database settings to be loaded from a particular profile you may need to activate it (no profiles are currently active).

